llc -relocation-model=pic test.ll > test.s ;gcc -o test.exe test.s lib.c `pkg-config --cflags --libs opencv`;./test.exe
1
2
bituple correct output: 1, 2
4
5
6
trituple correct output: 4, 5, 6
