0
1
correct output should be: 0, 1
3
8
correct output should be 3, 8
