1
2
3
4
5
6
correct output should be: 1, 2, 3, 4, 5, 6
