tuple value: 
0
1
2
tuple value: 
1
2
3
tuple value: 
2
3
4
correct output: (0, 1, 2), (1, 2, 3), (2, 3, 4)
