Fatal error: exception Failure("illegal assignment string = float in s = 1.9")