No change to pixel (0,1)
Before: 233.000 239.000 238.000
After: 233.000 239.000 238.000
