Change to pixel at (0, 1): 
Before: 255.000 255.000 255.000
After: 54.0000 54.0000 54.0000
