Done writing pixel
Done writing pixel
Done writing pixel
Done writing pixel
Done writing pixel
Done writing pixel
Done writing pixel
Done writing pixel
Done writing pixel
Done writing pixel
Done writing pixel
Done writing pixel
Done writing pixel
Done writing pixel
Done writing pixel
Done writing pixel
Done writing pixel
Done writing pixel
Done writing pixel
Done writing pixel
Done writing pixel
Done writing pixel
Done writing pixel
Done writing pixel
Done writing pixel
Done writing pixel
Done writing pixel
Done writing pixel
Done writing pixel
Done writing pixel
Done writing pixel
Done writing pixel
Done writing pixel
Done writing pixel
Done writing pixel
Done writing pixel
Done writing pixel
Done writing pixel
Done writing pixel
Done writing pixel
Done writing pixel
Done writing pixel
Done writing pixel
Done writing pixel
Done writing pixel
Done writing pixel
Done writing pixel
Done writing pixel
Done writing pixel
Done writing pixel
