Before: 233.000 239.000 238.000
After: 232.000 238.000 237.000
