Pixel Written: 9.00000 8.00000 7.00000
Pixel Written: 9.00000 8.00000 7.00000
Pixel Written: 9.00000 8.00000 7.00000
Pixel Written: 9.00000 8.00000 7.00000
Pixel Written: 9.00000 8.00000 7.00000
Pixel Written: 9.00000 8.00000 7.00000
Pixel Written: 9.00000 8.00000 7.00000
