Before: 233.000 239.000 238.000
After: 255.000 255.000 255.000
