row 0:  0.00000 0.00000 0.00000
row 1:  0.00000 1.00000 2.00000
row 2:  0.00000 2.00000 4.00000
row 3:  0.00000 3.00000 6.00000
row 4:  0.00000 4.00000 8.00000
row 5:  0.00000 5.00000 10.0000
row 6:  0.00000 6.00000 12.0000
row 7:  0.00000 7.00000 14.0000
row 8:  0.00000 8.00000 16.0000
row 9:  0.00000 9.00000 18.0000
