mat[0][0]: 1.00000
mat[0][1]: 2.00000
mat[1][0]: 3.00000
mat[1][1]: 4.00000
