llc -relocation-model=pic test.ll > test.s ;gcc -o test.exe test.s lib.c `pkg-config --cflags --libs opencv`;./test.exe
Makefile:14: recipe for target 'testing' failed
